Unity Editor version:    6000.5.6f1 (0e0577a1a2ac)
Branch:                  6000.5/staging
Build type:              Release
Batch mode:              NO
macOS version:           Version 26.5.1 (Build 25F80)
Darwin version:          25.5.0
Architecture:            arm64
Running under Rosetta:   NO
Available memory:        24576 MB
Date:                    2026-08-02T03:19:18Z
[Licensing::Module] Trying to connect to existing licensing client channel...
[Licensing::IpcConnector] Successfully connected to: "LicenseClient-yuankunxue" at "2026-08-02T03:19:18.554925Z"

COMMAND LINE ARGUMENTS:
/Applications/Unity/Hub/Editor/6000.5.6f1/Unity.app/Contents/MacOS/Unity
-projectpath
/Users/yuankunxue/Projects/numeria
-acceptSoftwareTermsForThisRunOnly
-useHub
-hubIPC
-cloudEnvironment
production
-licensingIpc
LicenseClient-yuankunxue
-hubSessionId
0704cbe0-bb0a-43f0-bbda-ae4e7766e0ac
-accessToken
xXVuZZpWWiP2ZP8yboYGG50DXW69xa22wR_U-rNJo-M012f
Successfully changed project path to: /Users/yuankunxue/Projects/numeria
/Users/yuankunxue/Projects/numeria
[UnityMemory] Configuration Parameters - Can be set up in boot.config
    "memorysetup-temp-allocator-size-gi-baking-worker=262144"
    "memorysetup-temp-allocator-size-gi-baking-worker=262144"
    "memorysetup-temp-allocator-size-gi-baking-worker=262144"
    "memorysetup-temp-allocator-size-gi-baking-worker=262144"
    "memorysetup-temp-allocator-size-gi-baking-worker=262144"
    "memorysetup-temp-allocator-size-nav-mesh-worker=65536"
    "memorysetup-temp-allocator-size-audio-worker=65536"
    "memorysetup-temp-allocator-size-cloud-worker=32768"
    "memorysetup-allocator-temp-initial-block-size-main=262144"
    "memorysetup-allocator-temp-initial-block-size-worker=262144"
    "memorysetup-temp-allocator-size-preload-manager=33554432"
    "memorysetup-temp-allocator-size-gfx=262144"
    "memorysetup-temp-allocator-size-background-worker=32768"
    "memorysetup-temp-allocator-size-job-worker=262144"
    "memorysetup-bucket-allocator-granularity=16"
    "memorysetup-bucket-allocator-bucket-count=8"
    "memorysetup-bucket-allocator-block-size=33554432"
    "memorysetup-bucket-allocator-block-count=8"
    "memorysetup-main-allocator-block-size=16777216"
    "memorysetup-thread-allocator-block-size=16777216"
    "memorysetup-main-allocator-mimalloc-enabled=0"
    "memorysetup-gfx-main-allocator-block-size=16777216"
    "memorysetup-gfx-thread-allocator-block-size=16777216"
    "memorysetup-cache-allocator-block-size=4194304"
    "memorysetup-typetree-allocator-block-size=2097152"
    "memorysetup-profiler-bucket-allocator-granularity=16"
    "memorysetup-profiler-bucket-allocator-bucket-count=8"
    "memorysetup-profiler-bucket-allocator-block-size=33554432"
    "memorysetup-profiler-bucket-allocator-block-count=8"
    "memorysetup-profiler-allocator-block-size=16777216"
    "memorysetup-profiler-editor-allocator-block-size=1048576"
    "memorysetup-temp-allocator-size-main=16777216"
    "memorysetup-job-temp-allocator-block-size=2097152"
    "memorysetup-job-temp-allocator-block-size-background=1048576"
    "memorysetup-job-temp-allocator-reduction-small-platforms=262144"
Player connection [8419253888]  Target information:

Player connection [8419253888]  * "[IP] 192.168.86.99 [Port] 55504 [Flags] 2 [Guid] 782506035 [EditorId] 782506035 [Version] 1048832 [Id] OSXEditor(0,Yuankuns-MacBook-Air.local) [Debug] 1 [PackageName] OSXEditor [ProjectName] Editor" 

Player connection [8419253888] Host joined multi-casting on [225.0.0.222:54997]...
Player connection [8419253888] Host joined alternative multi-casting on [225.0.0.222:34997]...
Input System module state changed to: Initialized.
[Physics::Module] Initialized fallback backend.
[Physics::Module] Id: 0xdecafbad
[Licensing::Client] Error: HandshakeResponse reported an error:
	ResponseCode: 505
	ResponseStatus: Unsupported protocol version '1.18.1'.
[Licensing::Module] Error: Failed to handshake to channel: "LicenseClient-yuankunxue"
[Licensing::IpcConnector] LicenseClient-yuankunxue channel disconnected successfully.
[Licensing::IpcConnector] Channel LicenseClient-yuankunxue-6000.5.6 doesn't exist
Launching external process: /Applications/Unity/Hub/Editor/6000.5.6f1/Unity.app/Contents/Helpers/UnityLicensingClient.app/Contents/MacOS/Unity.Licensing.Client
[Licensing::Module] Successfully launched the LicensingClient (PId: 15487)
[Package Manager] Connected to IPC stream "Upm-15485" after 0.0 seconds.
[Licensing::Module] Licensing is not yet initialized.
[Licensing::IpcConnector] Successfully connected to: "LicenseClient-yuankunxue-6000.5.6" at "2026-08-02T03:19:18.850827Z"
[Licensing::Client] Handshaking with LicensingClient:
  Version:                 1.18.1+9fbee8e
  Session Id:              c2f5f9ad78e3480a932855c58799e45d
  Correlation Id:          61fb0847ed37942e9ca1d3c5f98604da
  External correlation Id: 7386167986186248601
  Machine Id:              EhEjX42Pv7jeH4tvYg4Kt1xgVXw=
[Licensing::Module] Successfully connected to LicensingClient on channel: "LicenseClient-yuankunxue-6000.5.6" (connect: 0.11s, validation: 0.01s, handshake: 0.17s)
[Licensing::IpcConnector] Successfully connected to: "LicenseClient-yuankunxue-6000.5.6-notifications" at "2026-08-02T03:19:19.033024Z"
[Licensing::Module] Connected to LicensingClient (PId: 15487, launch time: 0.00, total connection time: 0.29s)
[Licensing::Client] Successfully updated the access token
[Licensing::Module] Successfully updated the access token xXVuZZpWWi...
[Licensing::Client] Successfully resolved entitlement details
[Licensing::Module] License group:
  Id: 20067632635231-UnityPersXXXX
  Product: Unity Personal
  Type: Assigned
  Expiration: Unlimited
[Licensing::Client] Successfully updated license, isAsync: True, time: 0.00
[Licensing::Client] Successfully resolved entitlement details
[Licensing::Module] Licensing Background thread has ended after 0.49s
[Licensing::Module] Licensing is initialized (took 0.27s).
[Licensing::Client] Successfully resolved entitlement details
Library Redirect Path: Library/
[Physics::Module] Selected backend.
[Physics::Module] Name: PhysX
[Physics::Module] Id: 0xf2b8ea05
[Physics::Module] SDK Version: 4.1.2
[Physics::Module] Integration Version: 1.0.0
[Physics::Module] Threading Mode: Multi-Threaded
Artifact Garbage Collection - Removed 55 unused hashed content files
Initialize engine version: 6000.5.6f1 (0e0577a1a2ac)
[Subsystems] Discovering subsystems at path /Applications/Unity/Hub/Editor/6000.5.6f1/Unity.app/Contents/Resources/UnitySubsystems
[Subsystems] Discovering subsystems at path /Users/yuankunxue/Projects/numeria/Assets
GfxDevice: creating device client; kGfxThreadingModeThreaded
 preferred device: Apple M5 (high power)
Metal devices available: 1
0: Apple M5 (high power)
Using device Apple M5 (high power)
Initializing Metal device caps: Apple M5
Mac GPU Family: 2
Apple GPU Family: 9
MSL Version: 3.0
Has Float MSAA: 1
Has Float Filtering: 1
ReadWrite Texture Tier: 2
Initialize mono
Mono path[0] = '/Applications/Unity/Hub/Editor/6000.5.6f1/Unity.app/Contents/Resources/Scripting/Managed'
Mono path[1] = '/Applications/Unity/Hub/Editor/6000.5.6f1/Unity.app/Contents/Resources/Scripting/BCLExtensions/runtime/netstandard2.1'
Mono path[2] = '/Applications/Unity/Hub/Editor/6000.5.6f1/Unity.app/Contents/Resources/Scripting/MonoBleedingEdge/lib/mono/unityjit-macos'
Mono config path = '/Applications/Unity/Hub/Editor/6000.5.6f1/Unity.app/Contents/Resources/Scripting/MonoBleedingEdge/etc'
Using monoOptions --debugger-agent=transport=dt_socket,embedding=1,server=y,suspend=n,address=127.0.0.1:56485
CodeReloadManager initialized
ImportWorker Server TCP listen port: 0
AcceleratorClientConnectionCallback - disconnected - :0
Begin MonoManager ReloadAssembly
Registering precompiled unity dll's ...
Register platform support module: /Applications/Unity/Hub/Editor/6000.5.6f1/PlaybackEngines/WebGLSupport/UnityEditor.WebGL.Extensions.dll
Register platform support module: /Applications/Unity/Hub/Editor/6000.5.6f1/PlaybackEngines/MacStandaloneSupport/UnityEditor.OSXStandalone.Extensions.dll
[Licensing::Client] Successfully resolved entitlement details
Register platform support module: /Applications/Unity/Hub/Editor/6000.5.6f1/PlaybackEngines/iOSSupport/UnityEditor.iOS.Extensions.dll
Registered in 0.001147 seconds.
[usbmuxd] Start listen thread
[usbmuxd] Listen thread started
[usbmuxd] Send listen message
Native extension for iOS target not found
Native extension for OSXStandalone target not found
Native extension for WebGL target not found
Package Manager log level set to [2]
ScheduleIndexationOnStartup MainProcess:False IndexOnStartup:True
Mono: successfully reloaded assembly
- Finished resetting the current domain, in  0.212 seconds
Domain Reload Profiling: 400ms
	BeginReloadAssembly (35ms)
		CreateAndSetChildDomain (3ms)
	RebuildNativeTypeToScriptingClass (7ms)
	initialDomainReloadingComplete (23ms)
	LoadAllAssembliesAndSetupDomain (120ms)
		LoadAssemblies (32ms)
		AnalyzeDomain (90ms)
			TypeCache.Refresh (90ms)
				TypeCache.ScanAssembly (83ms)
	FinalizeReload (212ms)
		SetupLoadedEditorAssemblies (0ms)
			InitializePlatformSupportModulesInManaged (31ms)
			BeforeProcessingInitializeOnLoad (37ms)
			ProcessInitializeOnLoadAttributes (43ms)
			ProcessInitializeOnLoadMethodAttributes (64ms)
[Licensing::Client] Successfully resolved entitlement details
Application.AssetDatabase Initial Refresh Start
[Package Manager] Restoring resolved packages state from cache
[Licensing::Client] Successfully resolved entitlement details
[Package Manager] Registered 37 packages:
  Built-in packages:
    com.unity.multiplayer.center@1.0.1 (location: /Users/yuankunxue/Projects/numeria/Library/PackageCache/com.unity.multiplayer.center@b860850997d0)
    com.unity.modules.accessibility@1.0.0 (location: /Users/yuankunxue/Projects/numeria/Library/PackageCache/com.unity.modules.accessibility)
    com.unity.modules.adaptiveperformance@1.0.0 (location: /Users/yuankunxue/Projects/numeria/Library/PackageCache/com.unity.modules.adaptiveperformance)
    com.unity.modules.ai@1.0.0 (location: /Users/yuankunxue/Projects/numeria/Library/PackageCache/com.unity.modules.ai)
    com.unity.modules.androidjni@1.0.0 (location: /Users/yuankunxue/Projects/numeria/Library/PackageCache/com.unity.modules.androidjni)
    com.unity.modules.animation@1.0.0 (location: /Users/yuankunxue/Projects/numeria/Library/PackageCache/com.unity.modules.animation)
    com.unity.modules.assetbundle@1.0.0 (location: /Users/yuankunxue/Projects/numeria/Library/PackageCache/com.unity.modules.assetbundle)
    com.unity.modules.audio@1.0.0 (location: /Users/yuankunxue/Projects/numeria/Library/PackageCache/com.unity.modules.audio)
    com.unity.modules.cloth@1.0.0 (location: /Users/yuankunxue/Projects/numeria/Library/PackageCache/com.unity.modules.cloth)
    com.unity.modules.director@1.0.0 (location: /Users/yuankunxue/Projects/numeria/Library/PackageCache/com.unity.modules.director)
    com.unity.modules.imageconversion@1.0.0 (location: /Users/yuankunxue/Projects/numeria/Library/PackageCache/com.unity.modules.imageconversion)
    com.unity.modules.imgui@1.0.0 (location: /Users/yuankunxue/Projects/numeria/Library/PackageCache/com.unity.modules.imgui)
    com.unity.modules.jsonserialize@1.0.0 (location: /Users/yuankunxue/Projects/numeria/Library/PackageCache/com.unity.modules.jsonserialize)
    com.unity.modules.particlesystem@1.0.0 (location: /Users/yuankunxue/Projects/numeria/Library/PackageCache/com.unity.modules.particlesystem)
    com.unity.modules.physics@1.0.0 (location: /Users/yuankunxue/Projects/numeria/Library/PackageCache/com.unity.modules.physics)
    com.unity.modules.physics2d@1.0.0 (location: /Users/yuankunxue/Projects/numeria/Library/PackageCache/com.unity.modules.physics2d)
    com.unity.modules.physicscore2d@1.0.0 (location: /Users/yuankunxue/Projects/numeria/Library/PackageCache/com.unity.modules.physicscore2d)
    com.unity.modules.screencapture@1.0.0 (location: /Users/yuankunxue/Projects/numeria/Library/PackageCache/com.unity.modules.screencapture)
    com.unity.modules.terrain@1.0.0 (location: /Users/yuankunxue/Projects/numeria/Library/PackageCache/com.unity.modules.terrain)
    com.unity.modules.terrainphysics@1.0.0 (location: /Users/yuankunxue/Projects/numeria/Library/PackageCache/com.unity.modules.terrainphysics)
    com.unity.modules.tilemap@1.0.0 (location: /Users/yuankunxue/Projects/numeria/Library/PackageCache/com.unity.modules.tilemap)
    com.unity.modules.ui@1.0.0 (location: /Users/yuankunxue/Projects/numeria/Library/PackageCache/com.unity.modules.ui)
    com.unity.modules.uielements@1.0.0 (location: /Users/yuankunxue/Projects/numeria/Library/PackageCache/com.unity.modules.uielements)
    com.unity.modules.umbra@1.0.0 (location: /Users/yuankunxue/Projects/numeria/Library/PackageCache/com.unity.modules.umbra)
    com.unity.modules.unityanalytics@1.0.0 (location: /Users/yuankunxue/Projects/numeria/Library/PackageCache/com.unity.modules.unityanalytics)
    com.unity.modules.unitywebrequest@1.0.0 (location: /Users/yuankunxue/Projects/numeria/Library/PackageCache/com.unity.modules.unitywebrequest)
    com.unity.modules.unitywebrequestassetbundle@1.0.0 (location: /Users/yuankunxue/Projects/numeria/Library/PackageCache/com.unity.modules.unitywebrequestassetbundle)
    com.unity.modules.unitywebrequestaudio@1.0.0 (location: /Users/yuankunxue/Projects/numeria/Library/PackageCache/com.unity.modules.unitywebrequestaudio)
    com.unity.modules.unitywebrequesttexture@1.0.0 (location: /Users/yuankunxue/Projects/numeria/Library/PackageCache/com.unity.modules.unitywebrequesttexture)
    com.unity.modules.unitywebrequestwww@1.0.0 (location: /Users/yuankunxue/Projects/numeria/Library/PackageCache/com.unity.modules.unitywebrequestwww)
    com.unity.modules.vectorgraphics@1.0.0 (location: /Users/yuankunxue/Projects/numeria/Library/PackageCache/com.unity.modules.vectorgraphics)
    com.unity.modules.vehicles@1.0.0 (location: /Users/yuankunxue/Projects/numeria/Library/PackageCache/com.unity.modules.vehicles)
    com.unity.modules.video@1.0.0 (location: /Users/yuankunxue/Projects/numeria/Library/PackageCache/com.unity.modules.video)
    com.unity.modules.wind@1.0.0 (location: /Users/yuankunxue/Projects/numeria/Library/PackageCache/com.unity.modules.wind)
    com.unity.modules.xr@1.0.0 (location: /Users/yuankunxue/Projects/numeria/Library/PackageCache/com.unity.modules.xr)
    com.unity.modules.subsystems@1.0.0 (location: /Users/yuankunxue/Projects/numeria/Library/PackageCache/com.unity.modules.subsystems)
    com.unity.modules.hierarchycore@1.0.0 (location: /Users/yuankunxue/Projects/numeria/Library/PackageCache/com.unity.modules.hierarchycore)
[Subsystems] No new subsystems found in resolved package list.
[Package Manager] Done registering packages in 0.00 seconds
info: Microsoft.Hosting.Lifetime[14]
      Now listening on: http://unix:/tmp/ilpp.sock-df1a099667d84b1b9c22f8a340a3511c
info: Microsoft.Hosting.Lifetime[0]
      Application started. Press Ctrl+C to shut down.
info: Microsoft.Hosting.Lifetime[0]
      Hosting environment: Production
info: Microsoft.Hosting.Lifetime[0]
      Content root path: /Users/yuankunxue/Projects/numeria
info: Microsoft.AspNetCore.Hosting.Diagnostics[1]
      Request starting HTTP/2 POST http://ilpp/UnityILPP.PostProcessing/Ping - application/grpc -
info: Microsoft.AspNetCore.Routing.EndpointMiddleware[0]
      Executing endpoint 'gRPC - /UnityILPP.PostProcessing/Ping'
info: Microsoft.AspNetCore.Routing.EndpointMiddleware[1]
      Executed endpoint 'gRPC - /UnityILPP.PostProcessing/Ping'
info: Microsoft.AspNetCore.Hosting.Diagnostics[2]
      Request finished HTTP/2 POST http://ilpp/UnityILPP.PostProcessing/Ping - 200 - application/grpc 12.3022ms
Starting: /Applications/Unity/Hub/Editor/6000.5.6f1/Unity.app/Contents/Resources/BuildPipeline/bee_backend --ipc --defer-dag-verification --dagfile="Library/Bee/200b0aE.dag" --continue-on-failure --profile="Library/Bee/backend1.traceevents" ScriptAssemblies
WorkingDir: /Users/yuankunxue/Projects/numeria
ExitCode: 0 Duration: 0s32ms
*** Tundra build success (0.02 seconds), 0 items updated, 174 evaluated
AssetDatabase: script compilation time: 0.264569s
Begin MonoManager ReloadAssembly
Total cache size 76139832
Total cache size after purge 76139832, took 00:00:00.0198122
Native extension for iOS target not found
Native extension for OSXStandalone target not found
Native extension for WebGL target not found
ScheduleIndexationOnStartup MainProcess:True IndexOnStartup:True
Mono: successfully reloaded assembly
- Finished resetting the current domain, in  0.222 seconds
Domain Reload Profiling: 354ms
	BeginReloadAssembly (69ms)
		DisableScriptedObjects (8ms)
		CreateAndSetChildDomain (18ms)
	RebuildCommonClasses (4ms)
	RebuildNativeTypeToScriptingClass (7ms)
	initialDomainReloadingComplete (13ms)
	LoadAllAssembliesAndSetupDomain (41ms)
		LoadAssemblies (26ms)
		AnalyzeDomain (7ms)
			TypeCache.Refresh (5ms)
	FinalizeReload (222ms)
		SetupLoadedEditorAssemblies (0ms)
			InitializePlatformSupportModulesInManaged (7ms)
			BeforeProcessingInitializeOnLoad (35ms)
			ProcessInitializeOnLoadAttributes (39ms)
			ProcessInitializeOnLoadMethodAttributes (31ms)
		AwakeInstancesAfterBackupRestoration (6ms)
Starting new worker id: 0 with log in /Users/yuankunxue/Projects/numeria/Logs/AssetImportWorkerHW0.log

Asset Pipeline Refresh (id=b8e414103af0e4c37aead51abef03cab): Total: 0.686 seconds - Initiated by InitialRefreshV2(ForceSynchronousImport)
	(Values over 0.05ms)
	Summary:
		Imports: total=0 (actual=0, local cache=0, cache server=0)
		Asset DB Process Time: managed=0 ms, native=267 ms
		Asset DB Callback time: managed=6 ms, native=3 ms
		Scripting: domain reloads=1, domain reload time=141 ms, compile time=265 ms, other=1 ms
		Project Asset Count: scripts=113, non-scripts=81
		Asset File Changes: new=0, changed=0, moved=0, deleted=0
		Scan Filter Count: 1
	InvokePackagesCallback: 4.019ms
	ApplyChangesToAssetFolders: 0.113ms
	Scan: 25.982ms
	Collect global state as custom dependencies: 4.441ms
	CategorizeScriptCompilationAssets: 0.131ms
	ProcessAssetsWithTransientArtifactChanges: 0.473ms
	CategorizeAssets: 0.730ms
	CompileScripts: 265.224ms
	ImportOutOfDateAssets: 223.715ms (222.512ms without children)
		UnloadImportedAssets: 0.086ms
		ImportSchedulerStart: 1.097ms
	PostProcessAllAssets: 6.941ms
		MonoPostProcessAllAssets: 6.918ms
			WindowAssetPostprocessingWatcher.OnPostprocessAllAssets 2.545ms
			SyncVS.PostprocessSyncProject 0.461ms
			EditModeScopePostprocessor.OnPostprocessAllAssets 0.399ms
			SpeedTree9Postprocessor.OnPostprocessAllAssets 0.264ms
			ReferencedClipsPostProcessor.OnPostprocessAllAssets 0.095ms
			TerrainToolbarOverlayPostProcessor.OnPostprocessAllAssets 0.060ms
			AssetDatabaseCallbacks.OnPostprocessAllAssets 0.051ms
	UnloadStreamsBegin: 0.609ms
	GenerateScriptTypeHashes: 0.095ms
	GenerateScriptTypeSerializationHashes: 0.209ms
	Untracked: 152.651ms

Application.AssetDatabase Initial Refresh End
Launching external process: /Applications/Unity/Hub/Editor/6000.5.6f1/Unity.app/Contents/Helpers/UnityShaderCompiler
Launched and connected shader compiler UnityShaderCompiler after 0.02 seconds
Scanning for USB devices : 0.016ms
Initializing Unity extensions:
[MODES] ModeService[none].Initialize
[MODES] ModeService[none].LoadModes
[MODES] Loading mode Default (0) for mode-current-id-numeria
Unloading 3 Unused Serialized files (Serialized files now loaded: 0)
Unloading 76 unused Assets / (458.4 KB). Loaded Objects now: 731.
Memory consumption went from 134.6 MB to 134.2 MB.
Total: 2.851667 ms (FindLiveObjects: 0.019000 ms CreateObjectMapping: 0.007375 ms MarkObjects: 2.707042 ms  DeleteObjects: 0.118083 ms)

[LAYOUT] About to load UserSettings/Layouts/default-6000.dwlt, keepMainWindow=False
[LAYOUT] About to save layout /Users/yuankunxue/Projects/numeria/UserSettings/Layouts/default-6000.dwlt
[LAYOUT] About to save layout /Users/yuankunxue/Library/Preferences/Unity/Editor-5.x/Layouts/current/default-6000.dwlt
[MODES] ModeService[default].InitializeCurrentMode
[MODES] ModeService[default].RaiseModeChanged(default, default)
This project uses Input Manager, which is marked for deprecation. To manage input in your project, use the <a href="https://docs.unity3d.com/Packages/com.unity.inputsystem@latest">Input System package</a> instead.
[Project] Loading completed in 2.193 seconds
	Project init time: 				1.800 seconds
		Template init time: 		0.000 seconds
		Package Manager init time: 		0.316 seconds
		Asset Database init time: 		0.112 seconds
		Global illumination init time: 	0.000 seconds
		Assemblies load time: 			0.411 seconds
		Unity extensions init time: 	0.000 seconds
		Asset Database refresh time: 	0.686 seconds
	Scene opening time: 			0.295 seconds
##utp:{"type":"ProjectInfo","version":2,"phase":"Immediate","time":1785640760746,"processId":15485,"projectLoad":2.192638292,"projectInit":1.799597583,"templateInit":0.0,"packageManagerInit":0.315672083,"assetDatabaseInit":0.111964542,"globalIlluminationInit":0.000386,"assembliesLoad":0.411283167,"unityExtensionsInit":0.000321791,"assetDatabaseRefresh":0.686110583,"sceneOpening":0.295124792}
##utp:{"type":"EditorInfo","version":2,"phase":"Immediate","time":1785640760746,"processId":15485,"editorVersion":"6000.5.6f1 (0e0577a1a2ac)","branch":"6000.5/staging","buildType":"Release","platform":"OSX"}
Subscribe to USB device events
Dynamic Batching is deprecated and will be removed in a future release. Use GPU Instancing instead. Disable Dynamic Batching in Project Settings > Player > Other Settings to remove this warning.
UnityEngine.Debug:ExtractStackTraceNoAlloc (byte*,int,string)
UnityEngine.StackTraceUtility:ExtractStackTrace () (at /Users/bokken/build/output/unity/unity/Runtime/Export/Scripting/StackTrace.cs:35)
UnityEngine.DebugLogHandler:Internal_Log (UnityEngine.LogType,UnityEngine.LogOption,string,UnityEngine.Object)
UnityEngine.DebugLogHandler:LogFormat (UnityEngine.LogType,UnityEngine.Object,string,object[])
UnityEngine.Logger:Log (UnityEngine.LogType,object)
UnityEngine.Debug:LogWarning (object)
UnityEditor.PlayerSettingsBatchingWarning:WarnIfDynamicBatchingEnabled () (at /Users/bokken/build/output/unity/unity/Editor/Mono/Inspector/PlayerSettingsEditor/PlayerSettingsBatchingWarning.cs:45)
UnityEditor.EditorApplication:Internal_CallUpdateFunctions () (at /Users/bokken/build/output/unity/unity/Editor/Mono/EditorApplication.cs:403)

(Filename: /Users/bokken/build/output/unity/unity/Editor/Mono/Inspector/PlayerSettingsEditor/PlayerSettingsBatchingWarning.cs Line: 45)

Start Indexing on Editor startup
[Indexing] Starting Initial Indexing for Assets
Worker ready: AssetImportWorkerHW0 0
Created GICache directory at /Users/yuankunxue/Library/Caches/com.unity3d.UnityEditor/GiCache. Took: 0.003s, timestamps: [2.197 - 2.200]
[Licensing::Client] Successfully resolved entitlement details
[Licensing::Client] Successfully resolved entitlement details
[Licensing::Client] Successfully updated the access token
[Licensing::Module] Successfully updated access token: "xXVuZZpW"... (expires: 2026-08-02T04:29:22Z)
[Licensing::Client] Successfully resolved entitlement details
Thread 0x176e47000 may have been prematurely finalized
Reloading assemblies for play mode.
Reloading assemblies after forced synchronous recompile.
Begin MonoManager ReloadAssembly
<CFData 0xbd06e9680 [0x1f73c8800]>{length = 6, capacity = 6, bytes = 0x804715c79eea}
Native extension for iOS target not found
Native extension for OSXStandalone target not found
Native extension for WebGL target not found
ScheduleIndexationOnStartup MainProcess:True IndexOnStartup:True
[MODES] ModeService[none].Initialize
[MODES] ModeService[none].LoadModes
Mono: successfully reloaded assembly
- Finished resetting the current domain, in  0.415 seconds
Domain Reload Profiling: 575ms
	BeginReloadAssembly (104ms)
		DisableScriptedObjects (24ms)
		CreateAndSetChildDomain (31ms)
	RebuildCommonClasses (3ms)
	RebuildNativeTypeToScriptingClass (7ms)
	initialDomainReloadingComplete (11ms)
	LoadAllAssembliesAndSetupDomain (35ms)
		LoadAssemblies (23ms)
		AnalyzeDomain (3ms)
			TypeCache.Refresh (2ms)
	FinalizeReload (415ms)
		SetupLoadedEditorAssemblies (0ms)
			InitializePlatformSupportModulesInManaged (9ms)
			BeforeProcessingInitializeOnLoad (34ms)
			ProcessInitializeOnLoadAttributes (29ms)
			ProcessInitializeOnLoadMethodAttributes (42ms)
		AwakeInstancesAfterBackupRestoration (176ms)

Asset Pipeline Refresh (id=9b7c6add3e2324a61ba43dd9ffada456): Total: 0.618 seconds - Initiated by StopAssetImportingV2(ForceSynchronousImport | ForceDomainReload)
	(Values over 0.05ms)
	Summary:
		Imports: total=0 (actual=0, local cache=0, cache server=0)
		Asset DB Process Time: managed=0 ms, native=437 ms
		Asset DB Callback time: managed=13 ms, native=1 ms
		Scripting: domain reloads=1, domain reload time=165 ms, compile time=1 ms, other=0 ms
		Project Asset Count: scripts=113, non-scripts=81
		Asset File Changes: new=0, changed=0, moved=0, deleted=0
		Scan Filter Count: 0
	InvokePackagesCallback: 0.425ms
	ApplyChangesToAssetFolders: 0.071ms
	Collect global state as custom dependencies: 0.156ms
	ProcessAssetsWithTransientArtifactChanges: 0.782ms
	CategorizeAssets: 0.518ms
	CompileScripts: 0.522ms
	ImportOutOfDateAssets: 416.570ms (415.753ms without children)
		UnloadImportedAssets: 0.500ms
		ImportSchedulerStart: 0.298ms
	PostProcessAllAssets: 13.579ms
		PostProcessCallbackCreateDeferredMaterials 0.056ms
		MonoPostProcessAllAssets: 13.117ms
			WindowAssetPostprocessingWatcher.OnPostprocessAllAssets 2.687ms
			BuilderAssetPostprocessor.OnPostprocessAllAssets 2.604ms
			AssetPostprocessor.OnPostprocessAllAssets 1.891ms
			AssetChangedListener.OnPostprocessAllAssets 0.770ms
			RetainedModeAssetPostprocessor.OnPostprocessAllAssets 0.418ms
			SyncVS.PostprocessSyncProject 0.369ms
			SpeedTree9Postprocessor.OnPostprocessAllAssets 0.281ms
			TextAssetPostProcessor.OnPostprocessAllAssets 0.240ms
			ArtifactBrowserPostProcessor.OnPostprocessAllAssets 0.179ms
			AudioMixerPostprocessor.OnPostprocessAllAssets 0.108ms
			EditModeScopePostprocessor.OnPostprocessAllAssets 0.096ms
			ReferencedClipsPostProcessor.OnPostprocessAllAssets 0.091ms
			StyleCatalogPostProcessor.OnPostprocessAllAssets 0.073ms
			AssetEvents.OnPostprocessAllAssets 0.070ms
			AssetDatabaseCallbacks.OnPostprocessAllAssets 0.051ms
			TerrainToolbarOverlayPostProcessor.OnPostprocessAllAssets 0.051ms
			SpeedTreePostProcessor.OnPostprocessAllAssets 0.051ms
	PostAssetChangesProfiler: 0.821ms
	UnloadStreamsBegin: 0.494ms
	GenerateScriptTypeSerializationHashes: 0.116ms
	Untracked: 183.487ms

Loaded scene 'Temp/__Backupscenes/0.backup'
	Deserialize:            0.242 ms
	Integration:            9.159 ms
	Integration of assets:  0.000 ms
	Thread Wait Time:       0.004 ms
	Total Operation Time:   9.405 ms
[Licensing::Client] Successfully resolved entitlement details
[Licensing::Client] Successfully resolved entitlement details
TrimDiskCacheJob: Current cache size 0mb
Asset Pipeline Refresh (id=321f8afc680434bd59ae8d778ada46cf): Total: 0.010 seconds - Initiated by RefreshV2(NoUpdateAssetOptions)
MonoPathRemapper: Attempts to remap: 4402; Successful remaps: 364
Thread 0x17994f000 may have been prematurely finalized
Serialized file version minimum: 23, current 23
[LAYOUT] About to save layout /Users/yuankunxue/Projects/numeria/UserSettings/Layouts/default-6000.dwlt
[LAYOUT] About to save layout /Users/yuankunxue/Library/Preferences/Unity/Editor-5.x/Layouts/current/default-6000.dwlt
Thread 0x1746b7000 may have been prematurely finalized
[Adaptive Performance] Restoring dynamic resolution scale factor to 1.0
UnityEngine.Debug:ExtractStackTraceNoAlloc (byte*,int,string)
UnityEngine.StackTraceUtility:ExtractStackTrace () (at /Users/bokken/build/output/unity/unity/Runtime/Export/Scripting/StackTrace.cs:35)
UnityEngine.DebugLogHandler:Internal_Log (UnityEngine.LogType,UnityEngine.LogOption,string,UnityEngine.Object)
UnityEngine.DebugLogHandler:LogFormat (UnityEngine.LogType,UnityEngine.Object,string,object[])
UnityEngine.Logger:LogFormat (UnityEngine.LogType,string,object[])
UnityEngine.Debug:LogFormat (string,object[])
UnityEngine.AdaptivePerformance.APLog:Debug (string,object[]) (at /Users/bokken/build/output/unity/unity/Modules/AdaptivePerformance/Core/AdaptiverPerformanceLog.cs:13)
UnityEngine.AdaptivePerformance.AdaptiveResolution:OnDestroy () (at /Users/bokken/build/output/unity/unity/Modules/AdaptivePerformance/Scalers/AdaptiveResolution.cs:76)

(Filename: /Users/bokken/build/output/unity/unity/Modules/AdaptivePerformance/Core/AdaptiverPerformanceLog.cs Line: 13)

Input System module state changed to: ShutdownInProgress.
Input Polling Thread exited.
Input System module state changed to: Shutdown.
Shutting down MSBuild server...
Shutting down VB/C# compiler server...
VB/C# compiler server shut down successfully.
[Physics::Module] Cleanup current backend.
[Physics::Module] Id: 0xf2b8ea05
[Licensing::IpcConnector] LicenseClient-yuankunxue-6000.5.6-notifications channel disconnected successfully.
[Licensing::IpcConnector] LicenseClient-yuankunxue-6000.5.6 channel disconnected successfully.
Thread 0x16cd83000 may have been prematurely finalized
Thread 0x16ce0f000 may have been prematurely finalized
Thread 0x16d03f000 may have been prematurely finalized
Thread 0x16cfb3000 may have been prematurely finalized
Thread 0x16cf27000 may have been prematurely finalized
Thread 0x16d0cb000 may have been prematurely finalized
Thread 0x16ce9b000 may have been prematurely finalized
Thread 0x16d157000 may have been prematurely finalized
Thread 0x16d1e3000 may have been prematurely finalized
AcceleratorClientConnectionCallback - disconnected - :0
Thread 0x16f4cb000 may have been prematurely finalized
Cleanup mono
info: Microsoft.Hosting.Lifetime[0]
      Application is shutting down...
CodeReloadManager destroyed
MSBuild server shut down successfully.
debugger-agent: Unable to listen on 86
[usbmuxd] Stop listen thread
[usbmuxd] Error: 
[usbmuxd] Listen thread exiting
Checking for leaked weakptr:
  Found no leaked weakptrs.
[Package Manager] Server process was shutdown
##utp:{"type":"MemoryLeaks","version":2,"phase":"Immediate","time":1785640815017,"processId":15485,"allocatedMemory":42657663,"memoryLabels":[{"Default":164699},{"Permanent":15672},{"Thread":1055928},{"Manager":25278},{"VertexData":8},{"Geometry":408},{"Texture":24},{"Shader":846336},{"Material":24},{"GfxDevice":42920},{"GfxThread":2240},{"Animation":968},{"Audio":960},{"FreeType":8},{"FontEngine":736},{"Physics":2178},{"Physics2D":16},{"Serialization":107232},{"Input":43216},{"JobScheduler":448},{"TextLib":24723},{"Mono":56},{"ScriptingNativeRuntime":155024},{"BaseObject":1716088},{"Resource":984},{"Renderer":3600},{"Transform":4693},{"File":820},{"WebCam":32},{"Culling":32},{"Terrain":11346},{"Wind":24},{"String":11107},{"StaticString":4140},{"Utility":2689984},{"PoolAlloc":1960},{"AI":80},{"TypeTree":8933},{"CodeReload":448},{"RuntimeInitializeOnLoadManager":64},{"Sprites":102},{"SpriteAtlas":120},{"GI":7240},{"Director":8288},{"CloudService":7416},{"WebRequest":5475},{"VR":46890},{"SceneManager":616},{"Video":2112},{"LazyScriptCache":32},{"NativeArray":33070592},{"Camera":16193},{"Secure":9865},{"SerializationCache":1576},{"APIUpdating":10320},{"Subsystems":336},{"VirtualTexturing":57504},{"StaticSafetyDebugInfo":278528},{"Baselib":16},{"Analytics":528},{"Hierarchy":1608},{"UIElements":1122800},{"CoreStats":13768},{"Identifiers":6768},{"Gui":280598},{"EditorUtility":209968},{"VersionControl":8},{"Undo":939},{"AssetDatabase":494340},{"AssetImporter":40},{"EditorGi":328},{"UnityConnect":35434},{"Upm":1788},{"UpmDiagnostics":8},{"AssetCompliance":64},{"DrivenProperties":72},{"HubClient":848},{"LocalIPC":209},{"ProfilerEditor":9738},{"CoreBusinessMetrics":3085},{"Windowing":416},{"Licensing":960},{"AssetReference":32},{"IPCStream":6762}]}
